Name: Peter Pickford Age: 22
Name: Anna Belle Age: 6
Name: Patricia Vermont Age: 20 Grade: 19
Name: Adam Jacobs Age: 22 Grade: 18
Peter Pickford
Adam Jacobs
Anna Belle
6
20
Name: Patricia Vermont Age: 20 Grade: 19
Adam Jacobs
